[backblue.gif]
[fade.gif]
[index.html]
[use.fontawesome.com/releases/v5.2.0/css/all.css]
[use.typekit.net/kgg1vji.css]
[kchang.me/favicon.ico]
[kchang.me/media/home/headshot.png]
[kchang.me/media/cases/daydream/moving_panels.mp4]
[kchang.me/media/cases/daydream/logo_trans.png]
[kchang.me/media/cases/viewpure/home_preview.jpg]
[kchang.me/media/cases/viewpure/logo_trans.png]
[kchang.me/media/cases/joingiving/home_preview.jpg]
[kchang.me/media/cases/joingiving/logo_trans.png]
[kchang.me/media/home/words/futureland.jpg]
[kchang.me/media/home/words/wlt.jpg]
[kchang.me/media/home/projects/ctc.jpg]
[kchang.me/media/home/projects/tobacco.jpg]
[kchang.me/media/home/projects/scotus.jpg]
[kchang.me/CS221_Final_Paper.pdf]
[kchang.me/js/bundle.min.js]
[kchang.me/index.html]
[use.fontawesome.com/releases/v5.2.0/css/all.css]
[use.typekit.net/kgg1vji.css]
[kchang.me/css/main.min6cef.css]
[kchang.me/css/home.min6cef.css]
[kchang.me/media/about/ocean_beach.jpg]
[kchang.me/about.html]
[kchang.me/resume.pdf]
[kchang.me/resume.html]
[kchang.me/media/library/books.png]
[kchang.me/media/library/dorian_gray.png]
[kchang.me/media/library/laughter.jpg]
[kchang.me/media/library/cats_cradle.jpg]
[kchang.me/media/library/fahrenheit.jpg]
[kchang.me/media/library/never.jpg]
[kchang.me/media/library/chiang.jpg]
[kchang.me/media/library/metamorphosis.jpg]
[kchang.me/media/library/bnw.jpg]
[kchang.me/media/library/dfw.png]
[kchang.me/media/library/measure.jpg]
[kchang.me/media/library/feynman.jpg]
[kchang.me/media/library/creativity_inc.jpg]
[kchang.me/media/library/breath_air.jpg]
[kchang.me/media/library/truth.jpg]
[kchang.me/media/library/thinking_fast.jpg]
[kchang.me/media/library/on_writing.jpg]
[kchang.me/media/library/design.gif]
[kchang.me/media/library/pragmatic.jpg]
[kchang.me/library.html]
[kchang.me/media/home/headshot.png]
[kchang.me/media/cases/daydream/page/logo.jpg]
[platform.twitter.com/widgets.js]
[kchang.me/daydream.html]
[kchang.me/media/cases/daydream/moving_panels.mp4]
[kchang.me/media/cases/viewpure/page/imac_preview.png]
[kchang.me/media/cases/viewpure/page/video_on_youtube.jpg]
[kchang.me/media/cases/viewpure/page/viewpure_vf_main.mp4]
[kchang.me/media/cases/viewpure/page/viewpure_v0_main.mp4]
[kchang.me/media/cases/viewpure/page/viewpure_v1_main.mp4]
[kchang.me/media/cases/viewpure/page/viewpure_v1_search.png]
[kchang.me/media/cases/viewpure/page/viewpure_v1_live.png]
[kchang.me/media/cases/viewpure/page/viewpure_v1_ads.mp4]
[kchang.me/media/cases/viewpure/page/redesign.png]
[kchang.me/viewpure.html]
[kchang.me/media/cases/joingiving/page/imac_mock.png]
[kchang.me/media/cases/joingiving/page/gitg_campaign.mp4]
[kchang.me/media/cases/joingiving/page/kfc.png]
[kchang.me/media/cases/joingiving/page/widget.jpg]
[kchang.me/media/cases/joingiving/page/old_landing_page.mp4]
[kchang.me/media/cases/joingiving/page/old_signup.mp4]
[kchang.me/media/cases/joingiving/page/redesigned_signup.mp4]
[kchang.me/media/cases/joingiving/page/homepage.png]
[kchang.me/media/cases/joingiving/page/browse_nonprofits.jpg]
[kchang.me/media/cases/joingiving/page/business_profile.jpg]
[kchang.me/joingiving.html]
[p.typekit.net/pddf2.css]
[kchang.me/css/main.minebce.css]
[kchang.me/css/about.minebce.css]
[kchang.me/css/main.min005d.css]
[kchang.me/css/resume.min005d.css]
[kchang.me/css/main.min04d9.css]
[kchang.me/css/library.min04d9.css]
[kchang.me/library/this-is-water.html]
[kchang.me/library/harrison-bergeron.html]
[kchang.me/library/there-will-come-soft-rains.html]
[kchang.me/css/main.min38f3.css]
[kchang.me/css/case.min38f3.css]
[kchang.me/css/main.min18cd.css]
[kchang.me/css/case.min18cd.css]
[kchang.me/css/main.minc8a1.css]
[kchang.me/css/case.minc8a1.css]
[kchang.me/css/main.minb410.css]
[kchang.me/css/piece.minb410.css]
[kchang.me/css/main.minaa2f.css]
[kchang.me/css/piece.minaa2f.css]
[kchang.me/css/main.minf6c0.css]
[kchang.me/css/piece.minf6c0.css]
