[bepatrickdavid.com/index.html]
[backblue.gif]
[fade.gif]
[index.html]
[bepatrickdavid.com/assets/img/favicon-16.png]
[bepatrickdavid.com/assets/img/favicon-32.png]
[bepatrickdavid.com/assets/img/favicon-48.png]
[bepatrickdavid.com/assets/img/favicon-62.png]
[bepatrickdavid.com/assets/img/favicon-192.png]
[connect.facebook.net/en_US/fbevents.js]
[bepatrickdavid.com/assets/img/logo_big.png]
[bepatrickdavid.com/assets/img/logo.png]
[bepatrickdavid.com/assets/img/logo2x.png]
[bepatrickdavid.com/web-designer.html]
[bepatrickdavid.com/assets/img/toscano-750.jpg]
[bepatrickdavid.com/assets/img/look-750.jpg]
[bepatrickdavid.com/assets/img/emmearredo-750.jpg]
[bepatrickdavid.com/assets/img/oleomec-750.jpg]
[bepatrickdavid.com/assets/js/bootstrap/bootstrap.min.js]
[bepatrickdavid.com/assets/js/main.js]
[www.google-analytics.com/analytics.js]
[bepatrickdavid.com/index.html]
[bepatrickdavid.com/assets/css/bootstrap/bootstrap.min.css]
[bepatrickdavid.com/assets/css/bootstrap/bootstrap-theme.min.css]
[bepatrickdavid.com/assets/css/style.css]
[bepatrickdavid.com/assets/fonts/fontawesome-webfont3e6e.eot]
[bepatrickdavid.com/assets/fonts/fontawesome-webfont3e6e.woff2]
[bepatrickdavid.com/assets/fonts/fontawesome-webfont3e6e.woff]
[bepatrickdavid.com/assets/fonts/fontawesome-webfont3e6e.ttf]
[bepatrickdavid.com/assets/css/font-awesome.min.css]
[bepatrickdavid.com/assets/fonts/ionicons28b5.eot]
[bepatrickdavid.com/assets/fonts/ionicons28b5.ttf]
[bepatrickdavid.com/assets/fonts/ionicons28b5.woff]
[bepatrickdavid.com/assets/css/ionicons.min.css]
[connect.facebook.net/en_US/fbevents.js]
[bepatrickdavid.com/assets/img/logo_big2x.png]
[bepatrickdavid.com/web-designer.html]
[bepatrickdavid.com/assets/img/projects-750.jpg]
[bepatrickdavid.com/assets/js/jquery.min.js]
[bepatrickdavid.com/assets/js/library.js]
[bepatrickdavid.com/assets/css/fonts/glyphicons-halflings-regular.html]
[bepatrickdavid.com/assets/css/fonts/glyphicons-halflings-regulard41d.html]
[bepatrickdavid.com/assets/css/fonts/glyphicons-halflings-regular-2.html]
[bepatrickdavid.com/assets/css/fonts/glyphicons-halflings-regular-3.html]
[bepatrickdavid.com/assets/css/fonts/glyphicons-halflings-regular-4.html]
[bepatrickdavid.com/assets/css/fonts/glyphicons-halflings-regular-5.html]
[bepatrickdavid.com/assets/fonts/fontawesome-webfontd41d.eot]
[bepatrickdavid.com/assets/fonts/ionicons28b5.svg]
[bepatrickdavid.com/POST.html]
[bepatrickdavid.com/assets/img/showcase.jpg]
[bepatrickdavid.com/assets/fonts/fontawesome-webfont3e6e.svg]
[bepatrickdavid.com/web-designer]
